
R version 4.5.2 (2025-10-31 ucrt) -- "[Not] Part in a Rumble"
Copyright (C) 2025 The R Foundation for Statistical Computing
Platform: x86_64-w64-mingw32/x64

R is free software and comes with ABSOLUTELY NO WARRANTY.
You are welcome to redistribute it under certain conditions.
Type 'license()' or 'licence()' for distribution details.

  Natural language support but running in an English locale

R is a collaborative project with many contributors.
Type 'contributors()' for more information and
'citation()' on how to cite R or R packages in publications.

Type 'demo()' for some demos, 'help()' for on-line help, or
'help.start()' for an HTML browser interface to help.
Type 'q()' to quit R.

> install.packages(c(
+   "tidyverse", "WDI", "countrycode", "sf",
+   "rworldmap", "ggpmisc", "reshape2"
+ ))
Warning in install.packages(c("tidyverse", "WDI", "countrycode", "sf", "rworldmap",  :
  'lib = "C:/Program Files/R/R-4.5.2/library"' is not writable
Error in install.packages(c("tidyverse", "WDI", "countrycode", "sf", "rworldmap",  : 
  unable to install packages
> install.packages(c(
+   "tidyverse", "WDI", "countrycode", "sf",
+   "rworldmap", "ggpmisc", "reshape2"
+ ))
Warning in install.packages(c("tidyverse", "WDI", "countrycode", "sf", "rworldmap",  :
  'lib = "C:/Program Files/R/R-4.5.2/library"' is not writable
Error in install.packages(c("tidyverse", "WDI", "countrycode", "sf", "rworldmap",  : 
  unable to install packages
> dir.create(Sys.getenv("R_LIBS_USER"), recursive = TRUE)
> .libPaths(Sys.getenv("R_LIBS_USER"))
> .libPaths()
[1] "C:/Users/ihass/AppData/Local/R/win-library/4.5"
[2] "C:/Program Files/R/R-4.5.2/library"            
> install.packages(c(
+   "tidyverse", "WDI", "countrycode", "sf",
+   "rworldmap", "ggpmisc", "reshape2"
+ ))
Installing packages into â€˜C:/Users/ihass/AppData/Local/R/win-library/4.5â€™
(as â€˜libâ€™ is unspecified)
--- Please select a CRAN mirror for use in this session ---
also installing the dependencies â€˜fastmapâ€™, â€˜sysâ€™, â€˜bitâ€™, â€˜psâ€™, â€˜sassâ€™, â€˜laterâ€™, â€˜otelâ€™, â€˜cachemâ€™, â€˜rappdirsâ€™, â€˜rematchâ€™, â€˜askpassâ€™, â€˜base64encâ€™, â€˜bit64â€™, â€˜prettyunitsâ€™, â€˜processxâ€™, â€˜evaluateâ€™, â€˜highrâ€™, â€˜xfunâ€™, â€˜yamlâ€™, â€˜bslibâ€™, â€˜fontawesomeâ€™, â€˜htmltoolsâ€™, â€˜jquerylibâ€™, â€˜tinytexâ€™, â€˜proxyâ€™, â€˜dotCall64â€™, â€˜digestâ€™, â€˜htmlwidgetsâ€™, â€˜lazyevalâ€™, â€˜crosstalkâ€™, â€˜promisesâ€™, â€˜backportsâ€™, â€˜glueâ€™, â€˜lifecycleâ€™, â€˜memoiseâ€™, â€˜blobâ€™, â€˜R6â€™, â€˜tidyselectâ€™, â€˜vctrsâ€™, â€˜withrâ€™, â€˜data.tableâ€™, â€˜gtableâ€™, â€˜isobandâ€™, â€˜S7â€™, â€˜gargleâ€™, â€˜uuidâ€™, â€˜cellrangerâ€™, â€˜curlâ€™, â€˜idsâ€™, â€˜rematch2â€™, â€˜cpp11â€™, â€˜pkgconfigâ€™, â€˜mimeâ€™, â€˜opensslâ€™, â€˜timechangeâ€™, â€˜utf8â€™, â€˜systemfontsâ€™, â€˜textshapingâ€™, â€˜cliprâ€™, â€˜crayonâ€™, â€˜vroomâ€™, â€˜tzdbâ€™, â€˜progressâ€™, â€˜callrâ€™, â€˜fsâ€™, â€˜knitrâ€™, â€˜rmarkdownâ€™, â€˜selectrâ€™, â€˜stringiâ€™, â€˜e1071â€™, â€˜wkâ€™, â€˜spamâ€™, â€˜viridisLiteâ€™, â€˜RColorBrewerâ€™, â€˜mapsâ€™, â€˜gridExtraâ€™, â€˜xtsâ€™, â€˜zooâ€™, â€˜farverâ€™, â€˜labelingâ€™, â€˜SparseMâ€™, â€˜MatrixModelsâ€™, â€˜mvtnormâ€™, â€˜TH.dataâ€™, â€˜sandwichâ€™, â€˜kernlabâ€™, â€˜plotlyâ€™, â€˜segmentedâ€™, â€˜bitopsâ€™, â€˜broomâ€™, â€˜conflictedâ€™, â€˜cliâ€™, â€˜dbplyrâ€™, â€˜dplyrâ€™, â€˜dtplyrâ€™, â€˜forcatsâ€™, â€˜ggplot2â€™, â€˜googledriveâ€™, â€˜googlesheets4â€™, â€˜havenâ€™, â€˜hmsâ€™, â€˜httrâ€™, â€˜jsonliteâ€™, â€˜lubridateâ€™, â€˜magrittrâ€™, â€˜modelrâ€™, â€˜pillarâ€™, â€˜purrrâ€™, â€˜raggâ€™, â€˜readrâ€™, â€˜readxlâ€™, â€˜reprexâ€™, â€˜rlangâ€™, â€˜rstudioapiâ€™, â€˜rvestâ€™, â€˜stringrâ€™, â€˜tibbleâ€™, â€˜tidyrâ€™, â€˜xml2â€™, â€˜classIntâ€™, â€˜DBIâ€™, â€˜s2â€™, â€˜unitsâ€™, â€˜Rcppâ€™, â€˜spâ€™, â€˜fieldsâ€™, â€˜rasterâ€™, â€˜terraâ€™, â€˜ggppâ€™, â€˜scalesâ€™, â€˜genericsâ€™, â€˜confintrâ€™, â€˜polynomâ€™, â€˜quantregâ€™, â€˜lmodel2â€™, â€˜splus2Râ€™, â€˜multcompâ€™, â€˜multcompViewâ€™, â€˜mixtoolsâ€™, â€˜plyrâ€™, â€˜caToolsâ€™


  There are binary versions available but the source versions are later:
       binary source needs_compilation
later   1.4.5  1.4.6              TRUE
dbplyr  2.5.1  2.5.2             FALSE
httr    1.4.7  1.4.8             FALSE
sp      2.2-0  2.2-1              TRUE

  Binaries will be installed
trying URL 'https://cloud.r-project.org/bin/windows/contrib/4.5/fastmap_1.2.0.zip'
trying URL 'https://cloud.r-project.org/bin/windows/contrib/4.5/sys_3.4.3.zip'
trying URL 'https://cloud.r-project.org/bin/windows/contrib/4.5/bit_4.6.0.zip'
trying URL 'https://cloud.r-project.org/bin/windows/contrib/4.5/ps_1.9.1.zip'
trying URL 'https://cloud.r-project.org/bin/windows/contrib/4.5/sass_0.4.10.zip'
trying URL 'https://cloud.r-project.org/bin/windows/contrib/4.5/later_1.4.5.zip'
trying URL 'https://cloud.r-project.org/bin/windows/contrib/4.5/otel_0.2.0.zip'
trying URL 'https://cloud.r-project.org/bin/windows/contrib/4.5/cachem_1.1.0.zip'
trying URL 'https://cloud.r-project.org/bin/windows/contrib/4.5/rappdirs_0.3.4.zip'
trying URL 'https://cloud.r-project.org/bin/windows/contrib/4.5/rematch_2.0.0.zip'
trying URL 'https://cloud.r-project.org/bin/windows/contrib/4.5/askpass_1.2.1.zip'
trying URL 'https://cloud.r-project.org/bin/windows/contrib/4.5/base64enc_0.1-6.zip'
trying URL 'https://cloud.r-project.org/bin/windows/contrib/4.5/bit64_4.6.0-1.zip'
trying URL 'https://cloud.r-project.org/bin/windows/contrib/4.5/prettyunits_1.2.0.zip'
trying URL 'https://cloud.r-project.org/bin/windows/contrib/4.5/processx_3.8.6.zip'
trying URL 'https://cloud.r-project.org/bin/windows/contrib/4.5/evaluate_1.0.5.zip'
trying URL 'https://cloud.r-project.org/bin/windows/contrib/4.5/highr_0.11.zip'
trying URL 'https://cloud.r-project.org/bin/windows/contrib/4.5/xfun_0.56.zip'
trying URL 'https://cloud.r-project.org/bin/windows/contrib/4.5/yaml_2.3.12.zip'
trying URL 'https://cloud.r-project.org/bin/windows/contrib/4.5/bslib_0.10.0.zip'
trying URL 'https://cloud.r-project.org/bin/windows/contrib/4.5/fontawesome_0.5.3.zip'
trying URL 'https://cloud.r-project.org/bin/windows/contrib/4.5/htmltools_0.5.9.zip'
trying URL 'https://cloud.r-project.org/bin/windows/contrib/4.5/jquerylib_0.1.4.zip'
trying URL 'https://cloud.r-project.org/bin/windows/contrib/4.5/tinytex_0.58.zip'
trying URL 'https://cloud.r-project.org/bin/windows/contrib/4.5/proxy_0.4-29.zip'
trying URL 'https://cloud.r-project.org/bin/windows/contrib/4.5/dotCall64_1.2.zip'
trying URL 'https://cloud.r-project.org/bin/windows/contrib/4.5/digest_0.6.39.zip'
trying URL 'https://cloud.r-project.org/bin/windows/contrib/4.5/htmlwidgets_1.6.4.zip'
trying URL 'https://cloud.r-project.org/bin/windows/contrib/4.5/lazyeval_0.2.2.zip'
trying URL 'https://cloud.r-project.org/bin/windows/contrib/4.5/crosstalk_1.2.2.zip'
trying URL 'https://cloud.r-project.org/bin/windows/contrib/4.5/promises_1.5.0.zip'
trying URL 'https://cloud.r-project.org/bin/windows/contrib/4.5/backports_1.5.0.zip'
trying URL 'https://cloud.r-project.org/bin/windows/contrib/4.5/glue_1.8.0.zip'
trying URL 'https://cloud.r-project.org/bin/windows/contrib/4.5/lifecycle_1.0.5.zip'
trying URL 'https://cloud.r-project.org/bin/windows/contrib/4.5/memoise_2.0.1.zip'
trying URL 'https://cloud.r-project.org/bin/windows/contrib/4.5/blob_1.3.0.zip'
trying URL 'https://cloud.r-project.org/bin/windows/contrib/4.5/R6_2.6.1.zip'
trying URL 'https://cloud.r-project.org/bin/windows/contrib/4.5/tidyselect_1.2.1.zip'
trying URL 'https://cloud.r-project.org/bin/windows/contrib/4.5/vctrs_0.7.1.zip'
trying URL 'https://cloud.r-project.org/bin/windows/contrib/4.5/withr_3.0.2.zip'
trying URL 'https://cloud.r-project.org/bin/windows/contrib/4.5/data.table_1.18.2.1.zip'
trying URL 'https://cloud.r-project.org/bin/windows/contrib/4.5/gtable_0.3.6.zip'
trying URL 'https://cloud.r-project.org/bin/windows/contrib/4.5/isoband_0.3.0.zip'
trying URL 'https://cloud.r-project.org/bin/windows/contrib/4.5/S7_0.2.1.zip'
trying URL 'https://cloud.r-project.org/bin/windows/contrib/4.5/gargle_1.6.1.zip'
trying URL 'https://cloud.r-project.org/bin/windows/contrib/4.5/uuid_1.2-2.zip'
trying URL 'https://cloud.r-project.org/bin/windows/contrib/4.5/cellranger_1.1.0.zip'
trying URL 'https://cloud.r-project.org/bin/windows/contrib/4.5/curl_7.0.0.zip'
trying URL 'https://cloud.r-project.org/bin/windows/contrib/4.5/ids_1.0.1.zip'
trying URL 'https://cloud.r-project.org/bin/windows/contrib/4.5/rematch2_2.1.2.zip'
trying URL 'https://cloud.r-project.org/bin/windows/contrib/4.5/cpp11_0.5.3.zip'
trying URL 'https://cloud.r-project.org/bin/windows/contrib/4.5/pkgconfig_2.0.3.zip'
trying URL 'https://cloud.r-project.org/bin/windows/contrib/4.5/mime_0.13.zip'
trying URL 'https://cloud.r-project.org/bin/windows/contrib/4.5/openssl_2.3.4.zip'
trying URL 'https://cloud.r-project.org/bin/windows/contrib/4.5/timechange_0.4.0.zip'
trying URL 'https://cloud.r-project.org/bin/windows/contrib/4.5/utf8_1.2.6.zip'
trying URL 'https://cloud.r-project.org/bin/windows/contrib/4.5/systemfonts_1.3.1.zip'
trying URL 'https://cloud.r-project.org/bin/windows/contrib/4.5/textshaping_1.0.4.zip'
trying URL 'https://cloud.r-project.org/bin/windows/contrib/4.5/clipr_0.8.0.zip'
trying URL 'https://cloud.r-project.org/bin/windows/contrib/4.5/crayon_1.5.3.zip'
trying URL 'https://cloud.r-project.org/bin/windows/contrib/4.5/vroom_1.7.0.zip'
trying URL 'https://cloud.r-project.org/bin/windows/contrib/4.5/tzdb_0.5.0.zip'
trying URL 'https://cloud.r-project.org/bin/windows/contrib/4.5/progress_1.2.3.zip'
trying URL 'https://cloud.r-project.org/bin/windows/contrib/4.5/callr_3.7.6.zip'
trying URL 'https://cloud.r-project.org/bin/windows/contrib/4.5/fs_1.6.6.zip'
trying URL 'https://cloud.r-project.org/bin/windows/contrib/4.5/knitr_1.51.zip'
trying URL 'https://cloud.r-project.org/bin/windows/contrib/4.5/rmarkdown_2.30.zip'
trying URL 'https://cloud.r-project.org/bin/windows/contrib/4.5/selectr_0.5-1.zip'
trying URL 'https://cloud.r-project.org/bin/windows/contrib/4.5/stringi_1.8.7.zip'
trying URL 'https://cloud.r-project.org/bin/windows/contrib/4.5/e1071_1.7-17.zip'
trying URL 'https://cloud.r-project.org/bin/windows/contrib/4.5/wk_0.9.5.zip'
trying URL 'https://cloud.r-project.org/bin/windows/contrib/4.5/spam_2.11-3.zip'
trying URL 'https://cloud.r-project.org/bin/windows/contrib/4.5/viridisLite_0.4.3.zip'
trying URL 'https://cloud.r-project.org/bin/windows/contrib/4.5/RColorBrewer_1.1-3.zip'
trying URL 'https://cloud.r-project.org/bin/windows/contrib/4.5/maps_3.4.3.zip'
trying URL 'https://cloud.r-project.org/bin/windows/contrib/4.5/gridExtra_2.3.zip'
trying URL 'https://cloud.r-project.org/bin/windows/contrib/4.5/xts_0.14.1.zip'
trying URL 'https://cloud.r-project.org/bin/windows/contrib/4.5/zoo_1.8-15.zip'
trying URL 'https://cloud.r-project.org/bin/windows/contrib/4.5/farver_2.1.2.zip'
trying URL 'https://cloud.r-project.org/bin/windows/contrib/4.5/labeling_0.4.3.zip'
trying URL 'https://cloud.r-project.org/bin/windows/contrib/4.5/SparseM_1.84-2.zip'
trying URL 'https://cloud.r-project.org/bin/windows/contrib/4.5/MatrixModels_0.5-4.zip'
trying URL 'https://cloud.r-project.org/bin/windows/contrib/4.5/mvtnorm_1.3-3.zip'
trying URL 'https://cloud.r-project.org/bin/windows/contrib/4.5/TH.data_1.1-5.zip'
trying URL 'https://cloud.r-project.org/bin/windows/contrib/4.5/sandwich_3.1-1.zip'
trying URL 'https://cloud.r-project.org/bin/windows/contrib/4.5/kernlab_0.9-33.zip'
trying URL 'https://cloud.r-project.org/bin/windows/contrib/4.5/plotly_4.12.0.zip'
trying URL 'https://cloud.r-project.org/bin/windows/contrib/4.5/segmented_2.2-1.zip'
trying URL 'https://cloud.r-project.org/bin/windows/contrib/4.5/bitops_1.0-9.zip'
trying URL 'https://cloud.r-project.org/bin/windows/contrib/4.5/broom_1.0.12.zip'
trying URL 'https://cloud.r-project.org/bin/windows/contrib/4.5/conflicted_1.2.0.zip'
trying URL 'https://cloud.r-project.org/bin/windows/contrib/4.5/cli_3.6.5.zip'
trying URL 'https://cloud.r-project.org/bin/windows/contrib/4.5/dplyr_1.2.0.zip'
trying URL 'https://cloud.r-project.org/bin/windows/contrib/4.5/dtplyr_1.3.3.zip'
trying URL 'https://cloud.r-project.org/bin/windows/contrib/4.5/forcats_1.0.1.zip'
trying URL 'https://cloud.r-project.org/bin/windows/contrib/4.5/ggplot2_4.0.2.zip'
trying URL 'https://cloud.r-project.org/bin/windows/contrib/4.5/googledrive_2.1.2.zip'
trying URL 'https://cloud.r-project.org/bin/windows/contrib/4.5/googlesheets4_1.1.2.zip'
trying URL 'https://cloud.r-project.org/bin/windows/contrib/4.5/haven_2.5.5.zip'
trying URL 'https://cloud.r-project.org/bin/windows/contrib/4.5/hms_1.1.4.zip'
trying URL 'https://cloud.r-project.org/bin/windows/contrib/4.5/jsonlite_2.0.0.zip'
trying URL 'https://cloud.r-project.org/bin/windows/contrib/4.5/lubridate_1.9.5.zip'
trying URL 'https://cloud.r-project.org/bin/windows/contrib/4.5/magrittr_2.0.4.zip'
trying URL 'https://cloud.r-project.org/bin/windows/contrib/4.5/modelr_0.1.11.zip'
trying URL 'https://cloud.r-project.org/bin/windows/contrib/4.5/pillar_1.11.1.zip'
trying URL 'https://cloud.r-project.org/bin/windows/contrib/4.5/purrr_1.2.1.zip'
trying URL 'https://cloud.r-project.org/bin/windows/contrib/4.5/ragg_1.5.0.zip'
trying URL 'https://cloud.r-project.org/bin/windows/contrib/4.5/readr_2.1.6.zip'
trying URL 'https://cloud.r-project.org/bin/windows/contrib/4.5/readxl_1.4.5.zip'
trying URL 'https://cloud.r-project.org/bin/windows/contrib/4.5/reprex_2.1.1.zip'
trying URL 'https://cloud.r-project.org/bin/windows/contrib/4.5/rlang_1.1.7.zip'
trying URL 'https://cloud.r-project.org/bin/windows/contrib/4.5/rstudioapi_0.18.0.zip'
trying URL 'https://cloud.r-project.org/bin/windows/contrib/4.5/rvest_1.0.5.zip'
trying URL 'https://cloud.r-project.org/bin/windows/contrib/4.5/stringr_1.6.0.zip'
trying URL 'https://cloud.r-project.org/bin/windows/contrib/4.5/tibble_3.3.1.zip'
trying URL 'https://cloud.r-project.org/bin/windows/contrib/4.5/tidyr_1.3.2.zip'
trying URL 'https://cloud.r-project.org/bin/windows/contrib/4.5/xml2_1.5.2.zip'
trying URL 'https://cloud.r-project.org/bin/windows/contrib/4.5/classInt_0.4-11.zip'
trying URL 'https://cloud.r-project.org/bin/windows/contrib/4.5/DBI_1.2.3.zip'
trying URL 'https://cloud.r-project.org/bin/windows/contrib/4.5/s2_1.1.9.zip'
trying URL 'https://cloud.r-project.org/bin/windows/contrib/4.5/units_1.0-0.zip'
trying URL 'https://cloud.r-project.org/bin/windows/contrib/4.5/Rcpp_1.1.1.zip'
trying URL 'https://cloud.r-project.org/bin/windows/contrib/4.5/sp_2.2-0.zip'
trying URL 'https://cloud.r-project.org/bin/windows/contrib/4.5/fields_17.1.zip'
trying URL 'https://cloud.r-project.org/bin/windows/contrib/4.5/raster_3.6-32.zip'
trying URL 'https://cloud.r-project.org/bin/windows/contrib/4.5/terra_1.8-93.zip'
trying URL 'https://cloud.r-project.org/bin/windows/contrib/4.5/ggpp_0.6.0.zip'
trying URL 'https://cloud.r-project.org/bin/windows/contrib/4.5/scales_1.4.0.zip'
trying URL 'https://cloud.r-project.org/bin/windows/contrib/4.5/generics_0.1.4.zip'
trying URL 'https://cloud.r-project.org/bin/windows/contrib/4.5/confintr_1.0.2.zip'
trying URL 'https://cloud.r-project.org/bin/windows/contrib/4.5/polynom_1.4-1.zip'
trying URL 'https://cloud.r-project.org/bin/windows/contrib/4.5/quantreg_6.1.zip'
trying URL 'https://cloud.r-project.org/bin/windows/contrib/4.5/lmodel2_1.7-4.zip'
trying URL 'https://cloud.r-project.org/bin/windows/contrib/4.5/splus2R_1.3-5.zip'
trying URL 'https://cloud.r-project.org/bin/windows/contrib/4.5/multcomp_1.4-29.zip'
trying URL 'https://cloud.r-project.org/bin/windows/contrib/4.5/multcompView_0.1-10.zip'
trying URL 'https://cloud.r-project.org/bin/windows/contrib/4.5/mixtools_2.0.0.1.zip'
trying URL 'https://cloud.r-project.org/bin/windows/contrib/4.5/plyr_1.8.9.zip'
trying URL 'https://cloud.r-project.org/bin/windows/contrib/4.5/caTools_1.18.3.zip'
trying URL 'https://cloud.r-project.org/bin/windows/contrib/4.5/tidyverse_2.0.0.zip'
trying URL 'https://cloud.r-project.org/bin/windows/contrib/4.5/WDI_2.7.9.zip'
trying URL 'https://cloud.r-project.org/bin/windows/contrib/4.5/countrycode_1.6.1.zip'
trying URL 'https://cloud.r-project.org/bin/windows/contrib/4.5/sf_1.0-24.zip'
trying URL 'https://cloud.r-project.org/bin/windows/contrib/4.5/rworldmap_1.3-8.zip'
trying URL 'https://cloud.r-project.org/bin/windows/contrib/4.5/ggpmisc_0.6.3.zip'
trying URL 'https://cloud.r-project.org/bin/windows/contrib/4.5/reshape2_1.4.5.zip'
package â€˜fastmapâ€™ successfully unpacked and MD5 sums checked
package â€˜sysâ€™ successfully unpacked and MD5 sums checked
package â€˜bitâ€™ successfully unpacked and MD5 sums checked
package â€˜psâ€™ successfully unpacked and MD5 sums checked
package â€˜sassâ€™ successfully unpacked and MD5 sums checked
package â€˜laterâ€™ successfully unpacked and MD5 sums checked
package â€˜otelâ€™ successfully unpacked and MD5 sums checked
package â€˜cachemâ€™ successfully unpacked and MD5 sums checked
package â€˜rappdirsâ€™ successfully unpacked and MD5 sums checked
package â€˜rematchâ€™ successfully unpacked and MD5 sums checked
package â€˜askpassâ€™ successfully unpacked and MD5 sums checked
package â€˜base64encâ€™ successfully unpacked and MD5 sums checked
package â€˜bit64â€™ successfully unpacked and MD5 sums checked
package â€˜prettyunitsâ€™ successfully unpacked and MD5 sums checked
package â€˜processxâ€™ successfully unpacked and MD5 sums checked
package â€˜evaluateâ€™ successfully unpacked and MD5 sums checked
package â€˜highrâ€™ successfully unpacked and MD5 sums checked
package â€˜xfunâ€™ successfully unpacked and MD5 sums checked
package â€˜yamlâ€™ successfully unpacked and MD5 sums checked
package â€˜bslibâ€™ successfully unpacked and MD5 sums checked
package â€˜fontawesomeâ€™ successfully unpacked and MD5 sums checked
package â€˜htmltoolsâ€™ successfully unpacked and MD5 sums checked
package â€˜jquerylibâ€™ successfully unpacked and MD5 sums checked
package â€˜tinytexâ€™ successfully unpacked and MD5 sums checked
package â€˜proxyâ€™ successfully unpacked and MD5 sums checked
package â€˜dotCall64â€™ successfully unpacked and MD5 sums checked
package â€˜digestâ€™ successfully unpacked and MD5 sums checked
package â€˜htmlwidgetsâ€™ successfully unpacked and MD5 sums checked
package â€˜lazyevalâ€™ successfully unpacked and MD5 sums checked
package â€˜crosstalkâ€™ successfully unpacked and MD5 sums checked
package â€˜promisesâ€™ successfully unpacked and MD5 sums checked
package â€˜backportsâ€™ successfully unpacked and MD5 sums checked
package â€˜glueâ€™ successfully unpacked and MD5 sums checked
package â€˜lifecycleâ€™ successfully unpacked and MD5 sums checked
package â€˜memoiseâ€™ successfully unpacked and MD5 sums checked
package â€˜blobâ€™ successfully unpacked and MD5 sums checked
package â€˜R6â€™ successfully unpacked and MD5 sums checked
package â€˜tidyselectâ€™ successfully unpacked and MD5 sums checked
package â€˜vctrsâ€™ successfully unpacked and MD5 sums checked
package â€˜withrâ€™ successfully unpacked and MD5 sums checked
package â€˜data.tableâ€™ successfully unpacked and MD5 sums checked
package â€˜gtableâ€™ successfully unpacked and MD5 sums checked
package â€˜isobandâ€™ successfully unpacked and MD5 sums checked
package â€˜S7â€™ successfully unpacked and MD5 sums checked
package â€˜gargleâ€™ successfully unpacked and MD5 sums checked
package â€˜uuidâ€™ successfully unpacked and MD5 sums checked
package â€˜cellrangerâ€™ successfully unpacked and MD5 sums checked
package â€˜curlâ€™ successfully unpacked and MD5 sums checked
package â€˜idsâ€™ successfully unpacked and MD5 sums checked
package â€˜rematch2â€™ successfully unpacked and MD5 sums checked
package â€˜cpp11â€™ successfully unpacked and MD5 sums checked
package â€˜pkgconfigâ€™ successfully unpacked and MD5 sums checked
package â€˜mimeâ€™ successfully unpacked and MD5 sums checked
package â€˜opensslâ€™ successfully unpacked and MD5 sums checked
package â€˜timechangeâ€™ successfully unpacked and MD5 sums checked
package â€˜utf8â€™ successfully unpacked and MD5 sums checked
package â€˜systemfontsâ€™ successfully unpacked and MD5 sums checked
package â€˜textshapingâ€™ successfully unpacked and MD5 sums checked
package â€˜cliprâ€™ successfully unpacked and MD5 sums checked
package â€˜crayonâ€™ successfully unpacked and MD5 sums checked
package â€˜vroomâ€™ successfully unpacked and MD5 sums checked
package â€˜tzdbâ€™ successfully unpacked and MD5 sums checked
package â€˜progressâ€™ successfully unpacked and MD5 sums checked
package â€˜callrâ€™ successfully unpacked and MD5 sums checked
package â€˜fsâ€™ successfully unpacked and MD5 sums checked
package â€˜knitrâ€™ successfully unpacked and MD5 sums checked
package â€˜rmarkdownâ€™ successfully unpacked and MD5 sums checked
package â€˜selectrâ€™ successfully unpacked and MD5 sums checked
package â€˜stringiâ€™ successfully unpacked and MD5 sums checked
package â€˜e1071â€™ successfully unpacked and MD5 sums checked
package â€˜wkâ€™ successfully unpacked and MD5 sums checked
package â€˜spamâ€™ successfully unpacked and MD5 sums checked
package â€˜viridisLiteâ€™ successfully unpacked and MD5 sums checked
package â€˜RColorBrewerâ€™ successfully unpacked and MD5 sums checked
package â€˜mapsâ€™ successfully unpacked and MD5 sums checked
package â€˜gridExtraâ€™ successfully unpacked and MD5 sums checked
package â€˜xtsâ€™ successfully unpacked and MD5 sums checked
package â€˜zooâ€™ successfully unpacked and MD5 sums checked
package â€˜farverâ€™ successfully unpacked and MD5 sums checked
package â€˜labelingâ€™ successfully unpacked and MD5 sums checked
package â€˜SparseMâ€™ successfully unpacked and MD5 sums checked
package â€˜MatrixModelsâ€™ successfully unpacked and MD5 sums checked
package â€˜mvtnormâ€™ successfully unpacked and MD5 sums checked
package â€˜TH.dataâ€™ successfully unpacked and MD5 sums checked
package â€˜sandwichâ€™ successfully unpacked and MD5 sums checked
package â€˜kernlabâ€™ successfully unpacked and MD5 sums checked
package â€˜plotlyâ€™ successfully unpacked and MD5 sums checked
package â€˜segmentedâ€™ successfully unpacked and MD5 sums checked
package â€˜bitopsâ€™ successfully unpacked and MD5 sums checked
package â€˜broomâ€™ successfully unpacked and MD5 sums checked
package â€˜conflictedâ€™ successfully unpacked and MD5 sums checked
package â€˜cliâ€™ successfully unpacked and MD5 sums checked
package â€˜dplyrâ€™ successfully unpacked and MD5 sums checked
package â€˜dtplyrâ€™ successfully unpacked and MD5 sums checked
package â€˜forcatsâ€™ successfully unpacked and MD5 sums checked
package â€˜ggplot2â€™ successfully unpacked and MD5 sums checked
package â€˜googledriveâ€™ successfully unpacked and MD5 sums checked
package â€˜googlesheets4â€™ successfully unpacked and MD5 sums checked
package â€˜havenâ€™ successfully unpacked and MD5 sums checked
package â€˜hmsâ€™ successfully unpacked and MD5 sums checked
package â€˜jsonliteâ€™ successfully unpacked and MD5 sums checked
package â€˜lubridateâ€™ successfully unpacked and MD5 sums checked
package â€˜magrittrâ€™ successfully unpacked and MD5 sums checked
package â€˜modelrâ€™ successfully unpacked and MD5 sums checked
package â€˜pillarâ€™ successfully unpacked and MD5 sums checked
package â€˜purrrâ€™ successfully unpacked and MD5 sums checked
package â€˜raggâ€™ successfully unpacked and MD5 sums checked
package â€˜readrâ€™ successfully unpacked and MD5 sums checked
package â€˜readxlâ€™ successfully unpacked and MD5 sums checked
package â€˜reprexâ€™ successfully unpacked and MD5 sums checked
package â€˜rlangâ€™ successfully unpacked and MD5 sums checked
package â€˜rstudioapiâ€™ successfully unpacked and MD5 sums checked
package â€˜rvestâ€™ successfully unpacked and MD5 sums checked
package â€˜stringrâ€™ successfully unpacked and MD5 sums checked
package â€˜tibbleâ€™ successfully unpacked and MD5 sums checked
package â€˜tidyrâ€™ successfully unpacked and MD5 sums checked
package â€˜xml2â€™ successfully unpacked and MD5 sums checked
package â€˜classIntâ€™ successfully unpacked and MD5 sums checked
package â€˜DBIâ€™ successfully unpacked and MD5 sums checked
package â€˜s2â€™ successfully unpacked and MD5 sums checked
package â€˜unitsâ€™ successfully unpacked and MD5 sums checked
package â€˜Rcppâ€™ successfully unpacked and MD5 sums checked
package â€˜spâ€™ successfully unpacked and MD5 sums checked
package â€˜fieldsâ€™ successfully unpacked and MD5 sums checked
package â€˜rasterâ€™ successfully unpacked and MD5 sums checked
package â€˜terraâ€™ successfully unpacked and MD5 sums checked
package â€˜ggppâ€™ successfully unpacked and MD5 sums checked
package â€˜scalesâ€™ successfully unpacked and MD5 sums checked
package â€˜genericsâ€™ successfully unpacked and MD5 sums checked
package â€˜confintrâ€™ successfully unpacked and MD5 sums checked
package â€˜polynomâ€™ successfully unpacked and MD5 sums checked
package â€˜quantregâ€™ successfully unpacked and MD5 sums checked
package â€˜lmodel2â€™ successfully unpacked and MD5 sums checked
package â€˜splus2Râ€™ successfully unpacked and MD5 sums checked
package â€˜multcompâ€™ successfully unpacked and MD5 sums checked
package â€˜multcompViewâ€™ successfully unpacked and MD5 sums checked
package â€˜mixtoolsâ€™ successfully unpacked and MD5 sums checked
package â€˜plyrâ€™ successfully unpacked and MD5 sums checked
package â€˜caToolsâ€™ successfully unpacked and MD5 sums checked
package â€˜tidyverseâ€™ successfully unpacked and MD5 sums checked
package â€˜WDIâ€™ successfully unpacked and MD5 sums checked
package â€˜countrycodeâ€™ successfully unpacked and MD5 sums checked
package â€˜sfâ€™ successfully unpacked and MD5 sums checked
package â€˜rworldmapâ€™ successfully unpacked and MD5 sums checked
package â€˜ggpmiscâ€™ successfully unpacked and MD5 sums checked
package â€˜reshape2â€™ successfully unpacked and MD5 sums checked

The downloaded binary packages are in
        C:\Users\ihass\AppData\Local\Temp\Rtmpo5pV6j\downloaded_packages
installing the source packages â€˜dbplyrâ€™, â€˜httrâ€™

trying URL 'https://cloud.r-project.org/src/contrib/dbplyr_2.5.2.tar.gz'
trying URL 'https://cloud.r-project.org/src/contrib/httr_1.4.8.tar.gz'
* installing *source* package 'dbplyr' ...
** this is package 'dbplyr' version '2.5.2'
** package 'dbplyr' successfully unpacked and MD5 sums checked
** using staged installation
** R
** inst
** byte-compile and prepare package for lazy loading
** help
*** installing help indices
*** copying figures
** building package indices
** installing vignettes
** testing if installed package can be loaded from temporary location
** testing if installed package can be loaded from final location
** testing if installed package keeps a record of temporary installation path
* DONE (dbplyr)
* installing *source* package 'httr' ...
** this is package 'httr' version '1.4.8'
** package 'httr' successfully unpacked and MD5 sums checked
** using staged installation
** R
** inst
** byte-compile and prepare package for lazy loading
** help
*** installing help indices
** building package indices
** installing vignettes
** testing if installed package can be loaded from temporary location
** testing if installed package can be loaded from final location
** testing if installed package keeps a record of temporary installation path
* DONE (httr)

The downloaded source packages are in
        â€˜C:\Users\ihass\AppData\Local\Temp\Rtmpo5pV6j\downloaded_packagesâ€™
> install.packages(c(
+  "Rtools", "rnaturalearth",
+ "tidyverse", "plotly", "RColorBrewer"
+ "WDI", "countrycode", "sf", "gridExtra",
Error: unexpected string constant in:
""tidyverse", "plotly", "RColorBrewer"
"WDI""
> "rworldmap", "ggpmisc", "reshape2", "gganimate",
Error: unexpected ',' in ""rworldmap","
> "gifski"
[1] "gifski"
> ))
Error: unexpected ')' in ")"
> install.packages(c(
+  "Rtools", "rnaturalearth",
+ "tidyverse", "plotly", "RColorBrewer",
+ "WDI", "countrycode", "sf", "gridExtra",
+ "rworldmap", "ggpmisc", "reshape2", "gganimate",
+ "gifski"
+ ))
Installing packages into â€˜C:/Users/ihass/AppData/Local/R/win-library/4.5â€™
(as â€˜libâ€™ is unspecified)
also installing the dependencies â€˜lpSolveâ€™, â€˜transformrâ€™, â€˜tweenrâ€™

trying URL 'https://cloud.r-project.org/bin/windows/contrib/4.5/lpSolve_5.6.23.zip'
trying URL 'https://cloud.r-project.org/bin/windows/contrib/4.5/transformr_0.1.5.zip'
trying URL 'https://cloud.r-project.org/bin/windows/contrib/4.5/tweenr_2.0.3.zip'
trying URL 'https://cloud.r-project.org/bin/windows/contrib/4.5/rnaturalearth_1.2.0.zip'
trying URL 'https://cloud.r-project.org/bin/windows/contrib/4.5/tidyverse_2.0.0.zip'
trying URL 'https://cloud.r-project.org/bin/windows/contrib/4.5/plotly_4.12.0.zip'
trying URL 'https://cloud.r-project.org/bin/windows/contrib/4.5/RColorBrewer_1.1-3.zip'
trying URL 'https://cloud.r-project.org/bin/windows/contrib/4.5/WDI_2.7.9.zip'
trying URL 'https://cloud.r-project.org/bin/windows/contrib/4.5/countrycode_1.6.1.zip'
trying URL 'https://cloud.r-project.org/bin/windows/contrib/4.5/sf_1.0-24.zip'
trying URL 'https://cloud.r-project.org/bin/windows/contrib/4.5/gridExtra_2.3.zip'
trying URL 'https://cloud.r-project.org/bin/windows/contrib/4.5/rworldmap_1.3-8.zip'
trying URL 'https://cloud.r-project.org/bin/windows/contrib/4.5/ggpmisc_0.6.3.zip'
trying URL 'https://cloud.r-project.org/bin/windows/contrib/4.5/reshape2_1.4.5.zip'
trying URL 'https://cloud.r-project.org/bin/windows/contrib/4.5/gganimate_1.0.11.zip'
trying URL 'https://cloud.r-project.org/bin/windows/contrib/4.5/gifski_1.32.0-2.zip'
Warning in download.packages(pkgs, destdir = tmpd, available = available,  :
  download of package â€˜sfâ€™ failed
package â€˜lpSolveâ€™ successfully unpacked and MD5 sums checked
package â€˜transformrâ€™ successfully unpacked and MD5 sums checked
package â€˜tweenrâ€™ successfully unpacked and MD5 sums checked
package â€˜rnaturalearthâ€™ successfully unpacked and MD5 sums checked
package â€˜tidyverseâ€™ successfully unpacked and MD5 sums checked
package â€˜plotlyâ€™ successfully unpacked and MD5 sums checked
package â€˜RColorBrewerâ€™ successfully unpacked and MD5 sums checked
package â€˜WDIâ€™ successfully unpacked and MD5 sums checked
package â€˜countrycodeâ€™ successfully unpacked and MD5 sums checked
package â€˜gridExtraâ€™ successfully unpacked and MD5 sums checked
package â€˜rworldmapâ€™ successfully unpacked and MD5 sums checked
package â€˜ggpmiscâ€™ successfully unpacked and MD5 sums checked
package â€˜reshape2â€™ successfully unpacked and MD5 sums checked
package â€˜gganimateâ€™ successfully unpacked and MD5 sums checked
package â€˜gifskiâ€™ successfully unpacked and MD5 sums checked

The downloaded binary packages are in
        C:\Users\ihass\AppData\Local\Temp\Rtmpo5pV6j\downloaded_packages
Warning messages:
1: package â€˜Rtoolsâ€™ is not available for this version of R

A version of this package for your version of R might be available elsewhere,
see the ideas at
https://cran.r-project.org/doc/manuals/r-patched/R-admin.html#Installing-packages 
2: In download.file(urls, destfiles, "libcurl", mode = "wb", ...) :
  URL 'https://cloud.r-project.org/bin/windows/contrib/4.5/sf_1.0-24.zip': Timeout of 60 seconds was reached
3: In download.file(urls, destfiles, "libcurl", mode = "wb", ...) :
  some files were not downloaded
> 
> library(tidyverse)
â”€â”€ Attaching core tidyverse packages â”€â”€â”€â”€â”€â”€â”€â”€â”€â”€â”€â”€â”€â”€â”€â”€â”€â”€â”€â”€â”€â”€â”€â”€ tidyverse 2.0.0 â”€â”€
âœ” dplyr     1.2.0     âœ” readr     2.1.6
âœ” forcats   1.0.1     âœ” stringr   1.6.0
âœ” ggplot2   4.0.2     âœ” tibble    3.3.1
âœ” lubridate 1.9.5     âœ” tidyr     1.3.2
âœ” purrr     1.2.1     
â”€â”€ Conflicts â”€â”€â”€â”€â”€â”€â”€â”€â”€â”€â”€â”€â”€â”€â”€â”€â”€â”€â”€â”€â”€â”€â”€â”€â”€â”€â”€â”€â”€â”€â”€â”€â”€â”€â”€â”€â”€â”€â”€â”€â”€â”€ tidyverse_conflicts() â”€â”€
âœ– dplyr::filter() masks stats::filter()
âœ– dplyr::lag()    masks stats::lag()
â„¹ Use the conflicted package (<http://conflicted.r-lib.org/>) to force all conflicts to become errors
> library(countrycode)
> library(rnaturalearth)
> 
> # Load CSV
> gdp_raw <- read_csv("WB_WDI_NY_GDP_PCAP_CD.csv")

[1mindexing[0m [34mWB_WDI_NY_GDP_PCAP_CD.csv[0m [===========-------------] [32m1.52GB/s[0m, eta: [36m 0s[0m
[1mindexing[0m [34mWB_WDI_NY_GDP_PCAP_CD.csv[0m [======================] [32m663.50MB/s[0m, eta: [36m 0s[0m
                                                                                                                   
Rows: 14561 Columns: 43
â”€â”€ Column specification â”€â”€â”€â”€â”€â”€â”€â”€â”€â”€â”€â”€â”€â”€â”€â”€â”€â”€â”€â”€â”€â”€â”€â”€â”€â”€â”€â”€â”€â”€â”€â”€â”€â”€â”€â”€â”€â”€â”€â”€â”€â”€â”€â”€â”€â”€â”€â”€â”€â”€â”€â”€â”€â”€â”€â”€
Delimiter: ","
chr (39): STRUCTURE, STRUCTURE_ID, ACTION, FREQ, REF_AREA, INDICATOR, SEX, A...
dbl  (4): TIME_PERIOD, DECIMALS, UNIT_MULT, OBS_VALUE

â„¹ Use `spec()` to retrieve the full column specification for this data.
â„¹ Specify the column types or set `show_col_types = FALSE` to quiet this message.
> 
> # Keep only relevant columns
> gdp <- gdp_raw %>%
+   select(
+     iso3 = REF_AREA,
+     country = REF_AREA_LABEL,
+     year = TIME_PERIOD,
+     gdp_pc = OBS_VALUE
+   ) %>%
+   mutate(year = as.numeric(year))
> library(tidyverse)
> library(countrycode)
> library(rnaturalearth)
> 
> # Load CSV
> gdp_raw <- read_csv("WB_WDI_NY_GDP_PCAP_CD.csv")

[1mindexing[0m [34mWB_WDI_NY_GDP_PCAP_CD.csv[0m [===============---------] [32m2.15GB/s[0m, eta: [36m 0s[0m
[1mindexing[0m [34mWB_WDI_NY_GDP_PCAP_CD.csv[0m [======================] [32m496.40MB/s[0m, eta: [36m 0s[0m
                                                                                                                   
Rows: 14561 Columns: 43
â”€â”€ Column specification â”€â”€â”€â”€â”€â”€â”€â”€â”€â”€â”€â”€â”€â”€â”€â”€â”€â”€â”€â”€â”€â”€â”€â”€â”€â”€â”€â”€â”€â”€â”€â”€â”€â”€â”€â”€â”€â”€â”€â”€â”€â”€â”€â”€â”€â”€â”€â”€â”€â”€â”€â”€â”€â”€â”€â”€
Delimiter: ","
chr (39): STRUCTURE, STRUCTURE_ID, ACTION, FREQ, REF_AREA, INDICATOR, SEX, A...
dbl  (4): TIME_PERIOD, DECIMALS, UNIT_MULT, OBS_VALUE

â„¹ Use `spec()` to retrieve the full column specification for this data.
â„¹ Specify the column types or set `show_col_types = FALSE` to quiet this message.
> 
> # Keep only relevant columns
> gdp <- gdp_raw %>%
+   select(
+     iso3 = REF_AREA,
+     country = REF_AREA_LABEL,
+     year = TIME_PERIOD,
+     gdp_pc = OBS_VALUE
+   ) %>%
+   mutate(year = as.numeric(year))
> 
> library(sf)
Linking to GEOS 3.13.1, GDAL 3.11.4, PROJ 9.7.0; sf_use_s2() is TRUE
> 
> world <- ne_countries(scale = "medium", returnclass = "sf")
The rnaturalearthdata package needs to be installed.
Install the rnaturalearthdata package? 

1: Yes
2: No

Selection: 
Enter an item from the menu, or 0 to exit
Selection: lat_data <- world %>%
Enter an item from the menu, or 0 to exit
Selection:   st_drop_geometry() %>%
Enter an item from the menu, or 0 to exit
Selection:   select(iso3 = iso_a3, latitude)
Enter an item from the menu, or 0 to exit
Selection: 0
Error in `install_rnaturalearthdata()`:
! The rnaturalearthdata package is necessary for that method.
Run `rlang::last_trace()` to see where the error occurred.
> library(tidyverse)
> library(countrycode)
> library(rnaturalearth)
> 
> # Load CSV
> gdp_raw <- read_csv("WB_WDI_NY_GDP_PCAP_CD.csv")

[1mindexing[0m [34mWB_WDI_NY_GDP_PCAP_CD.csv[0m [==============----------] [32m2.15GB/s[0m, eta: [36m 0s[0m
[1mindexing[0m [34mWB_WDI_NY_GDP_PCAP_CD.csv[0m [======================] [32m747.24MB/s[0m, eta: [36m 0s[0m
                                                                                                                   
Rows: 14561 Columns: 43
â”€â”€ Column specification â”€â”€â”€â”€â”€â”€â”€â”€â”€â”€â”€â”€â”€â”€â”€â”€â”€â”€â”€â”€â”€â”€â”€â”€â”€â”€â”€â”€â”€â”€â”€â”€â”€â”€â”€â”€â”€â”€â”€â”€â”€â”€â”€â”€â”€â”€â”€â”€â”€â”€â”€â”€â”€â”€â”€â”€
Delimiter: ","
chr (39): STRUCTURE, STRUCTURE_ID, ACTION, FREQ, REF_AREA, INDICATOR, SEX, A...
dbl  (4): TIME_PERIOD, DECIMALS, UNIT_MULT, OBS_VALUE

â„¹ Use `spec()` to retrieve the full column specification for this data.
â„¹ Specify the column types or set `show_col_types = FALSE` to quiet this message.
> 
> # Keep only relevant columns
> gdp <- gdp_raw %>%
+   select(
+     iso3 = REF_AREA,
+     country = REF_AREA_LABEL,
+     year = TIME_PERIOD,
+     gdp_pc = OBS_VALUE
+   ) %>%
+   mutate(year = as.numeric(year))
> 
> library(sf)
> 
> world <- ne_countries(scale = "medium", returnclass = "sf")
The rnaturalearthdata package needs to be installed.
Install the rnaturalearthdata package? 

1: Yes
2: No

Selection: 
Enter an item from the menu, or 0 to exit
Selection: lat_data <- world %>%
Enter an item from the menu, or 0 to exit
Selection:   st_drop_geometry() %>%
Enter an item from the menu, or 0 to exit
Selection:   select(iso3 = iso_a3, latitude)
Enter an item from the menu, or 0 to exit
Selection: 
Enter an item from the menu, or 0 to exit
Selection: gdp <- gdp %>%
Enter an item from the menu, or 0 to exit
Selection:   left_join(lat_data, by = "iso3")
Enter an item from the menu, or 0 to exit
Selection: 
Enter an item from the menu, or 0 to exit
Selection: yes
Enter an item from the menu, or 0 to exit
Selection: 1
Installing the rnaturalearthdata package.
Installing package into â€˜C:/Users/ihass/AppData/Local/R/win-library/4.5â€™
(as â€˜libâ€™ is unspecified)
Error in `value[[3L]]()`:
! Failed to install the rnaturalearthdata package. Please try installing
  the package for yourself using the following command:
  `install.packages("rnaturalearthdata")`
Run `rlang::last_trace()` to see where the error occurred.
> install.packages("maps")
Installing package into â€˜C:/Users/ihass/AppData/Local/R/win-library/4.5â€™
(as â€˜libâ€™ is unspecified)
trying URL 'https://cloud.r-project.org/bin/windows/contrib/4.5/maps_3.4.3.zip'
Content type 'application/zip' length 3096074 bytes (3.0 MB)
downloaded 3.0 MB

package â€˜mapsâ€™ successfully unpacked and MD5 sums checked

The downloaded binary packages are in
        C:\Users\ihass\AppData\Local\Temp\Rtmpo5pV6j\downloaded_packages
> library(maps)

Attaching package: â€˜mapsâ€™

The following object is masked from â€˜package:purrrâ€™:

    map

> library(tidyverse)
> library(countrycode)
> library(rnaturalearth)
> 
> # Load CSV
> gdp_raw <- read_csv("WB_WDI_NY_GDP_PCAP_CD.csv")

[1mindexing[0m [34mWB_WDI_NY_GDP_PCAP_CD.csv[0m [================--------] [32m2.15GB/s[0m, eta: [36m 0s[0m
[1mindexing[0m [34mWB_WDI_NY_GDP_PCAP_CD.csv[0m [======================] [32m759.73MB/s[0m, eta: [36m 0s[0m
                                                                                                                   
Rows: 14561 Columns: 43
â”€â”€ Column specification â”€â”€â”€â”€â”€â”€â”€â”€â”€â”€â”€â”€â”€â”€â”€â”€â”€â”€â”€â”€â”€â”€â”€â”€â”€â”€â”€â”€â”€â”€â”€â”€â”€â”€â”€â”€â”€â”€â”€â”€â”€â”€â”€â”€â”€â”€â”€â”€â”€â”€â”€â”€â”€â”€â”€â”€
Delimiter: ","
chr (39): STRUCTURE, STRUCTURE_ID, ACTION, FREQ, REF_AREA, INDICATOR, SEX, A...
dbl  (4): TIME_PERIOD, DECIMALS, UNIT_MULT, OBS_VALUE

â„¹ Use `spec()` to retrieve the full column specification for this data.
â„¹ Specify the column types or set `show_col_types = FALSE` to quiet this message.
> 
> # Keep only relevant columns
> gdp <- gdp_raw %>%
+   select(
+     iso3 = REF_AREA,
+     country = REF_AREA_LABEL,
+     year = TIME_PERIOD,
+     gdp_pc = OBS_VALUE
+   ) %>%
+   mutate(year = as.numeric(year))
> 
> world_map <- map_data("world")
> 
> country_centers <- world_map %>%
+   group_by(region) %>%
+   summarise(latitude = mean(lat, na.rm = TRUE))
> 
> country_centers <- country_centers %>%
+   mutate(
+     iso3 = countrycode(region, "country.name", "iso3c")
+   ) %>%
+   select(iso3, latitude)
> 
> gdp <- gdp %>%
+   left_join(country_centers, by = "iso3")
> 
> 
> summary(gdp$latitude)
   Min. 1st Qu.  Median    Mean 3rd Qu.    Max.    NA's 
-44.841   3.471  15.382  17.705  35.737  72.513    3276 
> table(q1$year)
Error: object 'q1' not found
> > table(q1$year)
Error: unexpected '>' in ">"
> Error: object 'q1' not foundls()
Error: unexpected string constant in "Error: object 'q1'"
> ls()
[1] "country_centers" "gdp"             "gdp_raw"         "world_map"      
> gdp <- gdp_raw %>%
+   select(
+     iso3 = REF_AREA,
+     country = REF_AREA_LABEL,
+     year = TIME_PERIOD,
+     gdp_pc = OBS_VALUE
+   ) %>%
+   mutate(year = as.numeric(year))
> gdp <- gdp %>%
+   mutate(continent = countrycode(iso3, "iso3c", "continent"))
> table(gdp$continent)

  Africa Americas     Asia   Europe  Oceania 
    3202     2516     2591     2240      978 
> gdp <- gdp %>%
+   mutate(global_south = case_when(
+     continent %in% c("Africa", "South America") ~ "South",
+     continent %in% c("Europe", "North America") ~ "North",
+     continent == "Asia" ~ "South",  # Most of Asia classified Global South
+     continent == "Oceania" ~ "North",
+     TRUE ~ NA_character_
+   ))
> table(q1$year)
Error: object 'q1' not found
> table(q1$year)
Error: object 'q1' not found
> library(tidyverse)
> library(countrycode)
> library(rnaturalearth)
> 
> # Load CSV
> gdp_raw <- read_csv("WB_WDI_NY_GDP_PCAP_CD.csv")

[1mindexing[0m [34mWB_WDI_NY_GDP_PCAP_CD.csv[0m [===============---------] [32m2.15GB/s[0m, eta: [36m 0s[0m
[1mindexing[0m [34mWB_WDI_NY_GDP_PCAP_CD.csv[0m [======================] [32m762.96MB/s[0m, eta: [36m 0s[0m
                                                                                                                   
Rows: 14561 Columns: 43
â”€â”€ Column specification â”€â”€â”€â”€â”€â”€â”€â”€â”€â”€â”€â”€â”€â”€â”€â”€â”€â”€â”€â”€â”€â”€â”€â”€â”€â”€â”€â”€â”€â”€â”€â”€â”€â”€â”€â”€â”€â”€â”€â”€â”€â”€â”€â”€â”€â”€â”€â”€â”€â”€â”€â”€â”€â”€â”€â”€
Delimiter: ","
chr (39): STRUCTURE, STRUCTURE_ID, ACTION, FREQ, REF_AREA, INDICATOR, SEX, A...
dbl  (4): TIME_PERIOD, DECIMALS, UNIT_MULT, OBS_VALUE

â„¹ Use `spec()` to retrieve the full column specification for this data.
â„¹ Specify the column types or set `show_col_types = FALSE` to quiet this message.
> 
> # Keep only relevant columns
> gdp <- gdp_raw %>%
+   select(
+     iso3 = REF_AREA,
+     country = REF_AREA_LABEL,
+     year = TIME_PERIOD,
+     gdp_pc = OBS_VALUE
+   ) %>%
+   mutate(year = as.numeric(year))
> 
> world_map <- map_data("world")
> 
> country_centers <- world_map %>%
+   group_by(region) %>%
+   summarise(latitude = mean(lat, na.rm = TRUE))
> 
> country_centers <- country_centers %>%
+   mutate(
+     iso3 = countrycode(region, "country.name", "iso3c")
+   ) %>%
+   select(iso3, latitude)
> 
> gdp <- gdp %>%
+   left_join(country_centers, by = "iso3")
> 
> gdp <- gdp %>%
+   mutate(global_south = ifelse(latitude < 0, "South", "North"))
> 
> q1 <- gdp %>%
+   filter(year %in% c(1960, 1980, 2000, 2019)) %>%
+   filter(!is.na(gdp_pc), !is.na(global_south))
> 
> q1 <- gdp %>%
+   filter(year %in% c(1960, 1980, 2000, 2019)) %>%
+   filter(!is.na(gdp_pc), !is.na(global_south))
> 
> gdp <- gdp_raw %>%
+   select(
+     iso3 = REF_AREA,
+     country = REF_AREA_LABEL,
+     year = TIME_PERIOD,
+     gdp_pc = OBS_VALUE
+   ) %>%
+   mutate(year = as.numeric(year))
> 
> gdp <- gdp %>%
+   mutate(continent = countrycode(iso3, "iso3c", "continent"))
> 
> gdp <- gdp %>%
+   mutate(global_south = case_when(
+     continent %in% c("Africa", "South America") ~ "South",
+     continent %in% c("Europe", "North America") ~ "North",
+     continent == "Asia" ~ "South",  # Most of Asia classified Global South
+     continent == "Oceania" ~ "North",
+     TRUE ~ NA_character_
+   ))
> 
> q1 <- gdp %>%
+   filter(year %in% c(1960, 1980, 2000, 2019)) %>%
+   filter(!is.na(gdp_pc), !is.na(global_south))
> 
> ggplot(q1, aes(x = global_south, y = gdp_pc)) +
+   geom_boxplot() +
+   scale_y_log10() +
+   facet_wrap(~year) +
+   labs(
+     title = "GDP per Capita: Global North vs South",
+     x = "",
+     y = "GDP per Capita (log scale)"
+   )
> 
> library(tidyverse)
> library(countrycode)
> library(rnaturalearth)
> 
> # Load CSV
> gdp_raw <- read_csv("WB_WDI_NY_GDP_PCAP_CD.csv")

[1mindexing[0m [34mWB_WDI_NY_GDP_PCAP_CD.csv[0m [======================--] [32m2.15GB/s[0m, eta: [36m 0s[0m
[1mindexing[0m [34mWB_WDI_NY_GDP_PCAP_CD.csv[0m [========================] [32m1.35GB/s[0m, eta: [36m 0s[0m
                                                                                                                   
Rows: 14561 Columns: 43
â”€â”€ Column specification â”€â”€â”€â”€â”€â”€â”€â”€â”€â”€â”€â”€â”€â”€â”€â”€â”€â”€â”€â”€â”€â”€â”€â”€â”€â”€â”€â”€â”€â”€â”€â”€â”€â”€â”€â”€â”€â”€â”€â”€â”€â”€â”€â”€â”€â”€â”€â”€â”€â”€â”€â”€â”€â”€â”€â”€
Delimiter: ","
chr (39): STRUCTURE, STRUCTURE_ID, ACTION, FREQ, REF_AREA, INDICATOR, SEX, A...
dbl  (4): TIME_PERIOD, DECIMALS, UNIT_MULT, OBS_VALUE

â„¹ Use `spec()` to retrieve the full column specification for this data.
â„¹ Specify the column types or set `show_col_types = FALSE` to quiet this message.
> 
> # Keep only relevant columns
> gdp <- gdp_raw %>%
+   select(
+     iso3 = REF_AREA,
+     country = REF_AREA_LABEL,
+     year = TIME_PERIOD,
+     gdp_pc = OBS_VALUE
+   ) %>%
+   mutate(year = as.numeric(year))
> 
> world_map <- map_data("world")
> 
> country_centers <- world_map %>%
+   group_by(region) %>%
+   summarise(latitude = mean(lat, na.rm = TRUE))
> 
> country_centers <- country_centers %>%
+   mutate(
+     iso3 = countrycode(region, "country.name", "iso3c")
+   ) %>%
+   select(iso3, latitude)
> 
> gdp <- gdp %>%
+   left_join(country_centers, by = "iso3")
> 
> gdp <- gdp %>%
+   mutate(global_south = ifelse(latitude < 0, "South", "North"))
> 
> q1 <- gdp %>%
+   filter(year %in% c(1960, 1980, 2000, 2019)) %>%
+   filter(!is.na(gdp_pc), !is.na(global_south))
> 
> q1 <- gdp %>%
+   filter(year %in% c(1960, 1980, 2000, 2019)) %>%
+   filter(!is.na(gdp_pc), !is.na(global_south))
> 
> gdp <- gdp_raw %>%
+   select(
+     iso3 = REF_AREA,
+     country = REF_AREA_LABEL,
+     year = TIME_PERIOD,
+     gdp_pc = OBS_VALUE
+   ) %>%
+   mutate(year = as.numeric(year))
> 
> gdp <- gdp %>%
+   mutate(continent = countrycode(iso3, "iso3c", "continent"))
> 
> gdp <- gdp %>%
+   mutate(global_south = case_when(
+     continent %in% c("Africa", "South America") ~ "South",
+     continent %in% c("Europe", "North America") ~ "North",
+     continent == "Asia" ~ "South",  # Most of Asia classified Global South
+     continent == "Oceania" ~ "North",
+     TRUE ~ NA_character_
+   ))
> 
> q1 <- gdp %>%
+   filter(year %in% c(1960, 1980, 2000, 2019)) %>%
+   filter(!is.na(gdp_pc), !is.na(global_south))
> 
> ggplot(q1, aes(x = global_south, y = gdp_pc)) +
+   geom_boxplot() +
+   scale_y_log10() +
+   facet_wrap(~year) +
+   labs(
+     title = "GDP per Capita: Global North vs South",
+     x = "",
+     y = "GDP per Capita (log scale)"
+   )
> 
> q1 %>%
+   group_by(year) %>%
+   summarise(
+     p_value = t.test(gdp_pc ~ global_south)$p.value
+   )
# A tibble: 4 Ã— 2
   year     p_value
  <dbl>       <dbl>
1  1960 0.000000288
2  1980 0.00308    
3  2000 0.0000105  
4  2019 0.00000190 
> 
> table(q1$year)

1960 1980 2000 2019 
  80  125  163  164 
> library(tidyverse)
> library(countrycode)
> library(rnaturalearth)
> 
> # Load CSV
> gdp_raw <- read_csv("WB_WDI_NY_GDP_PCAP_CD.csv")

[1mindexing[0m [34mWB_WDI_NY_GDP_PCAP_CD.csv[0m [===============---------] [32m2.15GB/s[0m, eta: [36m 0s[0m
[1mindexing[0m [34mWB_WDI_NY_GDP_PCAP_CD.csv[0m [======================] [32m993.20MB/s[0m, eta: [36m 0s[0m
                                                                                                                   
Rows: 14561 Columns: 43
â”€â”€ Column specification â”€â”€â”€â”€â”€â”€â”€â”€â”€â”€â”€â”€â”€â”€â”€â”€â”€â”€â”€â”€â”€â”€â”€â”€â”€â”€â”€â”€â”€â”€â”€â”€â”€â”€â”€â”€â”€â”€â”€â”€â”€â”€â”€â”€â”€â”€â”€â”€â”€â”€â”€â”€â”€â”€â”€â”€
Delimiter: ","
chr (39): STRUCTURE, STRUCTURE_ID, ACTION, FREQ, REF_AREA, INDICATOR, SEX, A...
dbl  (4): TIME_PERIOD, DECIMALS, UNIT_MULT, OBS_VALUE

â„¹ Use `spec()` to retrieve the full column specification for this data.
â„¹ Specify the column types or set `show_col_types = FALSE` to quiet this message.
> 
> # Keep only relevant columns
> gdp <- gdp_raw %>%
+   select(
+     iso3 = REF_AREA,
+     country = REF_AREA_LABEL,
+     year = TIME_PERIOD,
+     gdp_pc = OBS_VALUE
+   ) %>%
+   mutate(year = as.numeric(year))
> 
> world_map <- map_data("world")
> 
> country_centers <- world_map %>%
+   group_by(region) %>%
+   summarise(latitude = mean(lat, na.rm = TRUE))
> 
> country_centers <- country_centers %>%
+   mutate(
+     iso3 = countrycode(region, "country.name", "iso3c")
+   ) %>%
+   select(iso3, latitude)
> 
> gdp <- gdp %>%
+   left_join(country_centers, by = "iso3")
> 
> gdp <- gdp %>%
+   mutate(global_south = ifelse(latitude < 0, "South", "North"))
> 
> q1 <- gdp %>%
+   filter(year %in% c(1960, 1980, 2000, 2019)) %>%
+   filter(!is.na(gdp_pc), !is.na(global_south))
> 
> q1 <- gdp %>%
+   filter(year %in% c(1960, 1980, 2000, 2019)) %>%
+   filter(!is.na(gdp_pc), !is.na(global_south))
> 
> gdp <- gdp_raw %>%
+   select(
+     iso3 = REF_AREA,
+     country = REF_AREA_LABEL,
+     year = TIME_PERIOD,
+     gdp_pc = OBS_VALUE
+   ) %>%
+   mutate(year = as.numeric(year))
> 
> gdp <- gdp %>%
+   mutate(continent = countrycode(iso3, "iso3c", "continent"))
> 
> gdp <- gdp %>%
+   mutate(global_south = case_when(
+     continent %in% c("Africa", "South America") ~ "South",
+     continent %in% c("Europe", "North America") ~ "North",
+     continent == "Asia" ~ "South",  # Most of Asia classified Global South
+     continent == "Oceania" ~ "North",
+     TRUE ~ NA_character_
+   ))
> 
> q1 <- gdp %>%
+   filter(year %in% c(1960, 1980, 2000, 2019)) %>%
+   filter(!is.na(gdp_pc), !is.na(global_south))
> 
> ggplot(q1, aes(x = global_south, y = gdp_pc)) +
+   geom_boxplot() +
+   scale_y_log10() +
+   facet_wrap(~year) +
+   labs(
+     title = "GDP per Capita: Global North vs South",
+     x = "",
+     y = "GDP per Capita (log scale)"
+   )
> 
> q1 %>%
+   group_by(year) %>%
+   summarise(
+     p_value = t.test(gdp_pc ~ global_south)$p.value
+   )
# A tibble: 4 Ã— 2
   year     p_value
  <dbl>       <dbl>
1  1960 0.000000288
2  1980 0.00308    
3  2000 0.0000105  
4  2019 0.00000190 
> 
> ggplot(q1, aes(x = global_south, y = gdp_pc)) +
+   geom_boxplot() +
+   scale_y_log10() +
+   facet_wrap(~year) +
+   labs(
+     title = "GDP per Capita: Global North vs South",
+     x = "",
+     y = "GDP per Capita (log scale)"
+   )
> 
> q1 %>%
+   group_by(year) %>%
+   summarise(
+     p_value = t.test(gdp_pc ~ global_south)$p.value
+   )
# A tibble: 4 Ã— 2
   year     p_value
  <dbl>       <dbl>
1  1960 0.000000288
2  1980 0.00308    
3  2000 0.0000105  
4  2019 0.00000190 
> q1 %>%
+   group_by(year, global_south) %>%
+   summarise(mean_gdp = mean(gdp_pc, na.rm = TRUE))
`summarise()` has regrouped the output.
â„¹ Summaries were computed grouped by year and global_south.
â„¹ Output is grouped by year.
â„¹ Use `summarise(.groups = "drop_last")` to silence this message.
â„¹ Use `summarise(.by = c(year, global_south))` for per-operation grouping
  (`?dplyr::dplyr_by`) instead.
# A tibble: 8 Ã— 3
# Groups:   year [4]
   year global_south mean_gdp
  <dbl> <chr>           <dbl>
1  1960 North           1204.
2  1960 South            201.
3  1980 North           8750.
4  1980 South           3571.
5  2000 North          14757.
6  2000 South           3759.
7  2019 North          33771.
8  2019 South           8872.
> library(tidyverse)
> library(countrycode)
> library(rnaturalearth)
> 
> # Load CSV
> gdp_raw <- read_csv("WB_WDI_NY_GDP_PCAP_CD.csv")

[1mindexing[0m [34mWB_WDI_NY_GDP_PCAP_CD.csv[0m [================--------] [32m2.15GB/s[0m, eta: [36m 0s[0m
[1mindexing[0m [34mWB_WDI_NY_GDP_PCAP_CD.csv[0m [======================] [32m418.08MB/s[0m, eta: [36m 0s[0m
                                                                                                                   
Rows: 14561 Columns: 43
â”€â”€ Column specification â”€â”€â”€â”€â”€â”€â”€â”€â”€â”€â”€â”€â”€â”€â”€â”€â”€â”€â”€â”€â”€â”€â”€â”€â”€â”€â”€â”€â”€â”€â”€â”€â”€â”€â”€â”€â”€â”€â”€â”€â”€â”€â”€â”€â”€â”€â”€â”€â”€â”€â”€â”€â”€â”€â”€â”€
Delimiter: ","
chr (39): STRUCTURE, STRUCTURE_ID, ACTION, FREQ, REF_AREA, INDICATOR, SEX, A...
dbl  (4): TIME_PERIOD, DECIMALS, UNIT_MULT, OBS_VALUE

â„¹ Use `spec()` to retrieve the full column specification for this data.
â„¹ Specify the column types or set `show_col_types = FALSE` to quiet this message.
> 
> # Keep only relevant columns
> gdp <- gdp_raw %>%
+   select(
+     iso3 = REF_AREA,
+     country = REF_AREA_LABEL,
+     year = TIME_PERIOD,
+     gdp_pc = OBS_VALUE
+   ) %>%
+   mutate(year = as.numeric(year))
> 
> world_map <- map_data("world")
> 
> country_centers <- world_map %>%
+   group_by(region) %>%
+   summarise(latitude = mean(lat, na.rm = TRUE))
> 
> country_centers <- country_centers %>%
+   mutate(
+     iso3 = countrycode(region, "country.name", "iso3c")
+   ) %>%
+   select(iso3, latitude)
> 
> gdp <- gdp %>%
+   left_join(country_centers, by = "iso3")
> 
> gdp <- gdp %>%
+   mutate(global_south = ifelse(latitude < 0, "South", "North"))
> 
> q1 <- gdp %>%
+   filter(year %in% c(1960, 1980, 2000, 2019)) %>%
+   filter(!is.na(gdp_pc), !is.na(global_south))
> 
> q1 <- gdp %>%
+   filter(year %in% c(1960, 1980, 2000, 2019)) %>%
+   filter(!is.na(gdp_pc), !is.na(global_south))
> 
> gdp <- gdp_raw %>%
+   select(
+     iso3 = REF_AREA,
+     country = REF_AREA_LABEL,
+     year = TIME_PERIOD,
+     gdp_pc = OBS_VALUE
+   ) %>%
+   mutate(year = as.numeric(year))
> 
> gdp <- gdp %>%
+   mutate(continent = countrycode(iso3, "iso3c", "continent"))
> 
> gdp <- gdp %>%
+   mutate(global_south = case_when(
+     continent %in% c("Africa", "South America") ~ "South",
+     continent %in% c("Europe", "North America") ~ "North",
+     continent == "Asia" ~ "South",  # Most of Asia classified Global South
+     continent == "Oceania" ~ "North",
+     TRUE ~ NA_character_
+   ))
> 
> q1 <- gdp %>%
+   filter(year %in% c(1960, 1980, 2000, 2019)) %>%
+   filter(!is.na(gdp_pc), !is.na(global_south))
> 
> ggplot(q1, aes(x = global_south, y = gdp_pc)) +
+   geom_boxplot() +
+   scale_y_log10() +
+   facet_wrap(~year) +
+   labs(
+     title = "GDP per Capita: Global North vs South",
+     x = "",
+     y = "GDP per Capita (log scale)"
+   )
> 
> q1 %>%
+   group_by(year) %>%
+   summarise(
+     p_value = t.test(gdp_pc ~ global_south)$p.value
+   )
# A tibble: 4 Ã— 2
   year     p_value
  <dbl>       <dbl>
1  1960 0.000000288
2  1980 0.00308    
3  2000 0.0000105  
4  2019 0.00000190 
> 
> ggplot(q1, aes(x = global_south, y = gdp_pc)) +
+   geom_boxplot() +
+   scale_y_log10() +
+   facet_wrap(~year) +
+   labs(
+     title = "GDP per Capita: Global North vs South",
+     x = "",
+     y = "GDP per Capita (log scale)"
+   )
> 
> q1 %>%
+   group_by(year, global_south) %>%
+   summarise(mean_gdp = mean(gdp_pc, na.rm = TRUE))
`summarise()` has regrouped the output.
â„¹ Summaries were computed grouped by year and global_south.
â„¹ Output is grouped by year.
â„¹ Use `summarise(.groups = "drop_last")` to silence this message.
â„¹ Use `summarise(.by = c(year, global_south))` for per-operation grouping
  (`?dplyr::dplyr_by`) instead.
# A tibble: 8 Ã— 3
# Groups:   year [4]
   year global_south mean_gdp
  <dbl> <chr>           <dbl>
1  1960 North           1204.
2  1960 South            201.
3  1980 North           8750.
4  1980 South           3571.
5  2000 North          14757.
6  2000 South           3759.
7  2019 North          33771.
8  2019 South           8872.
> 
> 
